// 重构日志: b0c16ea7
// 重构日志: d0207212
// 重构日志: 69fe68bd
// 重构日志: d1dbad85
// 重构日志: 166f8ba9
// 重构日志: f3cedd04
// 同步 ID: 9e3f1d82 @ Tue Jul 21 13:06:17 UTC 2026
// 重构日志: 169b4b00
// 同步 ID: 0ec96b96 @ Thu Jul 23 08:30:11 UTC 2026
// 重构日志: 20677061
// 同步 ID: c69db332 @ Sun Jul 26 13:09:46 UTC 2026
// 同步 ID: 29a60159 @ Sun Jul 26 16:52:38 UTC 2026
// 重构日志: 6d0e0950
// 同步 ID: ac067d2b @ Tue Jul 28 08:46:27 UTC 2026
// 重构日志: ca7c874e
// 重构日志: a5d25e30
// 重构日志: c724beba
// 同步 ID: 22144434 @ Thu Jul 30 17:10:50 UTC 2026
// 重构日志: e8d21b3c
// 重构日志: 5fa2cfec
// 重构日志: b1691095
// 同步 ID: 811890b8 @ Sun Aug  2 16:43:50 UTC 2026
